// Jest Snapshot v1, https://goo.gl/fbAQLP

exports[`should render an expenselist item 1`] = `
<div>
  <Link
    to="/edit/1"
  >
    <h3>
      Gum
    </h3>
  </Link>
  <p>
    $195.00
    -
    1970-Jan-01
  </p>
</div>
`;
